To honour the JVM settings for this build a single-use Daemon process will be forked. For more on this, please refer to https://docs.gradle.org/8.14.3/userguide/gradle_daemon.html#sec:disabling_the_daemon in the Gradle documentation.
Daemon will be stopped at the end of the build 
Reusing configuration cache.
> Task :backend:elastic:generateBuildConfigClasses SKIPPED
> Task :backend:elastic:checkKotlinGradlePluginConfigurationErrors SKIPPED
> Task :backend:minio:checkKotlinGradlePluginConfigurationErrors SKIPPED
> Task :backend:exposed:checkKotlinGradlePluginConfigurationErrors SKIPPED
> Task :backend:redis:checkKotlinGradlePluginConfigurationErrors SKIPPED
> Task :backend:lucene:checkKotlinGradlePluginConfigurationErrors SKIPPED
> Task :backend:lucene:generateBuildConfigClasses SKIPPED
> Task :cloud:service:checkKotlinGradlePluginConfigurationErrors SKIPPED
> Task :backend:minio:generateBuildConfigClasses SKIPPED
> Task :api:checkKotlinGradlePluginConfigurationErrors SKIPPED
> Task :cloud:server:checkKotlinGradlePluginConfigurationErrors SKIPPED
> Task :api:generateBuildConfigClasses SKIPPED
> Task :backend:filesystem:checkKotlinGradlePluginConfigurationErrors SKIPPED
> Task :backend:simple:generateBuildConfigClasses SKIPPED
> Task :backend:filesystem:generateBuildConfigClasses SKIPPED
> Task :cloud:pdf:checkKotlinGradlePluginConfigurationErrors SKIPPED
> Task :backend:redis:generateBuildConfigClasses SKIPPED
> Task :backend:core:checkKotlinGradlePluginConfigurationErrors SKIPPED
> Task :cloud:openpdf:checkKotlinGradlePluginConfigurationErrors SKIPPED
> Task :backend:simple:checkKotlinGradlePluginConfigurationErrors SKIPPED
> Task :cloud:service:generateSentryBundleIdJava SKIPPED
> Task :cloud:service:generateBuildConfigClasses SKIPPED
> Task :backend:core:processResources NO-SOURCE
> Task :cloud:pdf:processResources NO-SOURCE
> Task :api:processResources NO-SOURCE
> Task :shared:jvmProcessResources NO-SOURCE
> Task :backend:exposed:processResources NO-SOURCE
> Task :shared:processJvmMainResources SKIPPED
> Task :shared:kmpPartiallyResolvedDependenciesChecker
> Task :shared:checkKotlinGradlePluginConfigurationErrors SKIPPED
> Task :backend:simple:processResources UP-TO-DATE
> Task :cloud:openpdf:processResources UP-TO-DATE
> Task :backend:elastic:processResources UP-TO-DATE
> Task :backend:minio:processResources UP-TO-DATE
> Task :backend:redis:processResources UP-TO-DATE
> Task :backend:lucene:processResources UP-TO-DATE
> Task :backend:filesystem:processResources UP-TO-DATE
> Task :cloud:service:collectExternalDependenciesForSentry UP-TO-DATE
> Task :cloud:service:generateSentryDebugMetaPropertiesjava UP-TO-DATE
> Task :cloud:service:processResources UP-TO-DATE
> Task :cloud:server:generateBuildConfigClasses
> Task :shared:compileKotlinJvm UP-TO-DATE
> Task :shared:compileJvmMainJava NO-SOURCE
> Task :shared:jvmMainClasses UP-TO-DATE
> Task :shared:jvmJar UP-TO-DATE
> Task :cloud:pdf:compileKotlin UP-TO-DATE
> Task :cloud:pdf:compileJava NO-SOURCE
> Task :cloud:pdf:classes UP-TO-DATE
> Task :cloud:pdf:jar UP-TO-DATE
> Task :api:compileKotlin UP-TO-DATE
> Task :api:compileJava NO-SOURCE
> Task :api:classes UP-TO-DATE
> Task :api:jar UP-TO-DATE
> Task :cloud:openpdf:compileKotlin UP-TO-DATE
> Task :backend:core:compileKotlin UP-TO-DATE
> Task :cloud:openpdf:compileJava NO-SOURCE
> Task :backend:core:compileJava NO-SOURCE
> Task :cloud:openpdf:classes UP-TO-DATE
> Task :backend:core:classes UP-TO-DATE
> Task :cloud:openpdf:jar UP-TO-DATE
> Task :backend:core:jar UP-TO-DATE
> Task :backend:simple:compileKotlin UP-TO-DATE
> Task :backend:simple:compileJava NO-SOURCE
> Task :backend:simple:classes UP-TO-DATE
> Task :backend:redis:compileKotlin UP-TO-DATE
> Task :backend:simple:jar UP-TO-DATE
> Task :backend:filesystem:compileKotlin UP-TO-DATE
> Task :backend:filesystem:compileJava NO-SOURCE
> Task :backend:redis:compileJava NO-SOURCE
> Task :backend:filesystem:classes UP-TO-DATE
> Task :backend:redis:classes UP-TO-DATE
> Task :backend:redis:jar UP-TO-DATE
> Task :backend:filesystem:jar UP-TO-DATE
> Task :backend:minio:compileKotlin UP-TO-DATE
> Task :backend:minio:compileJava NO-SOURCE
> Task :backend:minio:classes UP-TO-DATE
> Task :backend:minio:jar UP-TO-DATE
> Task :backend:exposed:compileKotlin UP-TO-DATE
> Task :backend:exposed:compileJava NO-SOURCE
> Task :backend:exposed:classes UP-TO-DATE
> Task :backend:exposed:jar UP-TO-DATE

> Task :backend:elastic:compileKotlin FAILED
./gradlew : e: file:///C:/Users/Administrator/Projects/A/backend/elastic/src/main/kotlin/com/storytell
er_f/a/backend/elastic/ElasticCommunitySearchService.kt:56:44 Unresolved reference 'value'.
所在位置 行:1 字符: 1
+ ./gradlew :cloud:server:compileKotlin > build_output.txt 2>&1
+ ~~~~~~~~~~~~~~~~~~~~~~~~~~~~~~~~~~~~~~~~~~~~~~~~~~~~~~~~~~~~~
    + CategoryInfo          : NotSpecified: (e: file:///C:/U...erence 'value'.:String) [], RemoteExce 
   ption
    + FullyQualifiedErrorId : NativeCommandError
 
e: file:///C:/Users/Administrator/Projects/A/backend/elastic/src/main/kotlin/com/storyteller_f/a/backe
nd/elastic/ElasticFileSearchService.kt:52:40 Unresolved reference 'value'.
e: file:///C:/Users/Administrator/Projects/A/backend/elastic/src/main/kotlin/com/storyteller_f/a/backe
nd/elastic/ElasticMemberSearchService.kt:32:25 Unresolved reference 'QueryBuilders'.
e: file:///C:/Users/Administrator/Projects/A/backend/elastic/src/main/kotlin/com/storyteller_f/a/backe
nd/elastic/ElasticMemberSearchService.kt:32:46 Cannot infer type for value parameter 'b'. Specify it e
xplicitly.
e: file:///C:/Users/Administrator/Projects/A/backend/elastic/src/main/kotlin/com/storyteller_f/a/backe
nd/elastic/ElasticMemberSearchService.kt:33:19 Unresolved reference 'must'.
e: file:///C:/Users/Administrator/Projects/A/backend/elastic/src/main/kotlin/com/storyteller_f/a/backe
nd/elastic/ElasticMemberSearchService.kt:33:26 Cannot infer type for value parameter 'm'. Specify it e
xplicitly.
e: file:///C:/Users/Administrator/Projects/A/backend/elastic/src/main/kotlin/com/storyteller_f/a/backe
nd/elastic/ElasticMemberSearchService.kt:34:23 Unresolved reference 'term'.
e: file:///C:/Users/Administrator/Projects/A/backend/elastic/src/main/kotlin/com/storyteller_f/a/backe
nd/elastic/ElasticMemberSearchService.kt:34:30 Cannot infer type for value parameter 't'. Specify it e
xplicitly.
e: file:///C:/Users/Administrator/Projects/A/backend/elastic/src/main/kotlin/com/storyteller_f/a/backe
nd/elastic/ElasticMemberSearchService.kt:35:27 Unresolved reference 'field'.
e: file:///C:/Users/Administrator/Projects/A/backend/elastic/src/main/kotlin/com/storyteller_f/a/backe
nd/elastic/ElasticMemberSearchService.kt:37:26 Cannot infer type for value parameter 'm'. Specify it e
xplicitly.
e: file:///C:/Users/Administrator/Projects/A/backend/elastic/src/main/kotlin/com/storyteller_f/a/backe
nd/elastic/ElasticMemberSearchService.kt:38:23 Unresolved reference 'term'.
e: file:///C:/Users/Administrator/Projects/A/backend/elastic/src/main/kotlin/com/storyteller_f/a/backe
nd/elastic/ElasticMemberSearchService.kt:38:30 Cannot infer type for value parameter 't'. Specify it e
xplicitly.
e: file:///C:/Users/Administrator/Projects/A/backend/elastic/src/main/kotlin/com/storyteller_f/a/backe
nd/elastic/ElasticMemberSearchService.kt:39:27 Unresolved reference 'field'.
e: file:///C:/Users/Administrator/Projects/A/backend/elastic/src/main/kotlin/com/storyteller_f/a/backe
nd/elastic/ElasticMemberSearchService.kt:45:50 Unresolved reference 'refresh'.
e: file:///C:/Users/Administrator/Projects/A/backend/elastic/src/main/kotlin/com/storyteller_f/a/backe
nd/elastic/ElasticMemberSearchService.kt:80:44 Unresolved reference 'value'.
e: file:///C:/Users/Administrator/Projects/A/backend/elastic/src/main/kotlin/com/storyteller_f/a/backe
nd/elastic/ElasticMemberSearchService.kt:116:44 Unresolved reference 'value'.
e: file:///C:/Users/Administrator/Projects/A/backend/elastic/src/main/kotlin/com/storyteller_f/a/backe
nd/elastic/ElasticMemberSearchService.kt:152:44 Unresolved reference 'value'.
e: file:///C:/Users/Administrator/Projects/A/backend/elastic/src/main/kotlin/com/storyteller_f/a/backe
nd/elastic/ElasticRoomSearchService.kt:53:44 Unresolved reference 'value'.
e: file:///C:/Users/Administrator/Projects/A/backend/elastic/src/main/kotlin/com/storyteller_f/a/backe
nd/elastic/ElasticTopicSearchService.kt:18:1 Class 'ElasticTopicSearchService' is not abstract and doe
s not implement abstract member:
suspend fun getDocuments(idList: List<Long>): Result<List<TopicDocument?>>
e: file:///C:/Users/Administrator/Projects/A/backend/elastic/src/main/kotlin/com/storyteller_f/a/backe
nd/elastic/ElasticTopicSearchService.kt:32:5 'getDocuments' overrides nothing. Potential signatures fo
r overriding:
suspend fun getDocuments(idList: List<Long>): Result<List<TopicDocument?>>
e: file:///C:/Users/Administrator/Projects/A/backend/elastic/src/main/kotlin/com/storyteller_f/a/backe
nd/elastic/ElasticTopicSearchService.kt:32:52 Unresolved reference 'PrimaryKey'.
e: file:///C:/Users/Administrator/Projects/A/backend/elastic/src/main/kotlin/com/storyteller_f/a/backe
nd/elastic/ElasticTopicSearchService.kt:65:44 Unresolved reference 'value'.
e: file:///C:/Users/Administrator/Projects/A/backend/elastic/src/main/kotlin/com/storyteller_f/a/backe
nd/elastic/ElasticTopicSearchService.kt:88:44 Unresolved reference 'value'.
e: file:///C:/Users/Administrator/Projects/A/backend/elastic/src/main/kotlin/com/storyteller_f/a/backe
nd/elastic/ElasticTopicSearchService.kt:99:44 Unresolved reference 'value'.
e: file:///C:/Users/Administrator/Projects/A/backend/elastic/src/main/kotlin/com/storyteller_f/a/backe
nd/elastic/ElasticTopicSearchService.kt:129:44 Unresolved reference 'value'.
e: file:///C:/Users/Administrator/Projects/A/backend/elastic/src/main/kotlin/com/storyteller_f/a/backe
nd/elastic/ElasticTopicSearchService.kt:159:44 Unresolved reference 'value'.
e: file:///C:/Users/Administrator/Projects/A/backend/elastic/src/main/kotlin/com/storyteller_f/a/backe
nd/elastic/ElasticUserSearchService.kt:53:44 Unresolved reference 'value'.

> Task :backend:lucene:compileKotlin FAILED
e: file:///C:/Users/Administrator/Projects/A/backend/lucene/src/main/kotlin/com/storyteller_f/a/backen
d/lucene/Lucene.kt:89:41 Unresolved reference 'value'.
e: file:///C:/Users/Administrator/Projects/A/backend/lucene/src/main/kotlin/com/storyteller_f/a/backen
d/lucene/Lucene.kt:124:38 Unresolved reference 'MergedEnv'.
e: file:///C:/Users/Administrator/Projects/A/backend/lucene/src/main/kotlin/com/storyteller_f/a/backen
d/lucene/Lucene.kt:126:30 Operator call 'component1()' is ambiguous for destructuring of type 'uninfer
red ERROR CLASS: Cannot infer argument for type parameter K'. Applicable candidates:
fun <T> Array<out T>.component1(): T
fun ByteArray.component1(): Byte
fun ShortArray.component1(): Short
fun IntArray.component1(): Int
fun LongArray.component1(): Long
fun FloatArray.component1(): Float
fun DoubleArray.component1(): Double
fun BooleanArray.component1(): Boolean
fun CharArray.component1(): Char
fun <T> List<T>.component1(): T
fun <K, V> Map.Entry<K, V>.component1(): K
fun UIntArray.component1(): UInt
fun ULongArray.component1(): ULong
fun UByteArray.component1(): UByte
fun UShortArray.component1(): UShort
e: file:///C:/Users/Administrator/Projects/A/backend/lucene/src/main/kotlin/com/storyteller_f/a/backen
d/lucene/Lucene.kt:126:30 Operator call 'component2()' is ambiguous for destructuring of type 'uninfer
red ERROR CLASS: Cannot infer argument for type parameter K'. Applicable candidates:
fun <T> Array<out T>.component2(): T
fun ByteArray.component2(): Byte
fun ShortArray.component2(): Short
fun IntArray.component2(): Int
fun LongArray.component2(): Long
fun FloatArray.component2(): Float
fun DoubleArray.component2(): Double
fun BooleanArray.component2(): Boolean
fun CharArray.component2(): Char
fun <T> List<T>.component2(): T
fun <K, V> Map.Entry<K, V>.component2(): V
fun UIntArray.component2(): UInt
fun ULongArray.component2(): ULong
fun UByteArray.component2(): UByte
fun UShortArray.component2(): UShort
e: file:///C:/Users/Administrator/Projects/A/backend/lucene/src/main/kotlin/com/storyteller_f/a/backen
d/lucene/Lucene.kt:126:30 Inapplicable candidate(s): fun <K> WHEN_CALL(vararg branches: K): K
e: file:///C:/Users/Administrator/Projects/A/backend/lucene/src/main/kotlin/com/storyteller_f/a/backen
d/lucene/Lucene.kt:126:45 Unresolved reference. None of the following candidates is applicable because
 of a receiver type mismatch:
fun CharSequence?.isNullOrBlank(): Boolean
e: file:///C:/Users/Administrator/Projects/A/backend/lucene/src/main/kotlin/com/storyteller_f/a/backen
d/lucene/Lucene.kt:132:23 None of the following candidates is applicable:
static fun get(p0: String!, vararg p1: String!): Path!
static fun get(p0: URI!): Path!
e: file:///C:/Users/Administrator/Projects/A/backend/lucene/src/main/kotlin/com/storyteller_f/a/backen
d/lucene/Lucene.kt:134:41 Unresolved reference 'toFile'.
e: file:///C:/Users/Administrator/Projects/A/backend/lucene/src/main/kotlin/com/storyteller_f/a/backen
d/lucene/Lucene.kt:136:11 Cannot infer type for type parameter 'A'. Specify it explicitly.
e: file:///C:/Users/Administrator/Projects/A/backend/lucene/src/main/kotlin/com/storyteller_f/a/backen
d/lucene/Lucene.kt:136:11 Cannot infer type for type parameter 'B'. Specify it explicitly.
e: file:///C:/Users/Administrator/Projects/A/backend/lucene/src/main/kotlin/com/storyteller_f/a/backen
d/lucene/Lucene.kt:136:11 Unresolved reference. None of the following candidates is applicable because
 of a receiver type mismatch:
fun <A, B> A.to(that: B): Pair<A, B>
e: file:///C:/Users/Administrator/Projects/A/backend/lucene/src/main/kotlin/com/storyteller_f/a/backen
d/lucene/LuceneFileSearchService.kt:107:1 Class 'LuceneFileSearchServiceFactory' is not abstract and d
oes not implement abstract members:
fun match(env: MergedEnv): Boolean
fun build(env: MergedEnv): FileSearchService
e: file:///C:/Users/Administrator/Projects/A/backend/lucene/src/main/kotlin/com/storyteller_f/a/backen
d/lucene/LuceneFileSearchService.kt:108:5 'match' overrides nothing. Potential signatures for overridi
ng:
fun match(env: MergedEnv): Boolean
e: file:///C:/Users/Administrator/Projects/A/backend/lucene/src/main/kotlin/com/storyteller_f/a/backen
d/lucene/LuceneFileSearchService.kt:108:29 Unresolved reference 'MergedEnv'.
e: file:///C:/Users/Administrator/Projects/A/backend/lucene/src/main/kotlin/com/storyteller_f/a/backen
d/lucene/LuceneFileSearchService.kt:109:16 Operator '==' cannot be applied to 'MatchGroup?' and 'Strin
g'.
e: file:///C:/Users/Administrator/Projects/A/backend/lucene/src/main/kotlin/com/storyteller_f/a/backen
d/lucene/LuceneFileSearchService.kt:112:5 'build' overrides nothing. Potential signatures for overridi
ng:
fun build(env: MergedEnv): FileSearchService
e: file:///C:/Users/Administrator/Projects/A/backend/lucene/src/main/kotlin/com/storyteller_f/a/backen
d/lucene/LuceneFileSearchService.kt:112:29 Unresolved reference 'MergedEnv'.
e: file:///C:/Users/Administrator/Projects/A/backend/lucene/src/main/kotlin/com/storyteller_f/a/backen
d/lucene/LuceneTopicSearchService.kt:170:13 'when' expression must be exhaustive. Add the 'is Recommen
dNotLogin' branch or an 'else' branch.
e: file:///C:/Users/Administrator/Projects/A/backend/lucene/src/main/kotlin/com/storyteller_f/a/backen
d/lucene/LuceneTopicSearchService.kt:176:37 Classifier 'data class RecommendNotLogin : TopicDocumentSe
arch' does not have a companion object, so it cannot be used as an expression.
e: file:///C:/Users/Administrator/Projects/A/backend/lucene/src/main/kotlin/com/storyteller_f/a/backen
d/lucene/LuceneTopicSearchService.kt:182:21 Unresolved reference 'addMatchQuery'.
e: file:///C:/Users/Administrator/Projects/A/backend/lucene/src/main/kotlin/com/storyteller_f/a/backen
d/lucene/LuceneTopicSearchService.kt:187:21 Unresolved reference 'addMatchQuery'.
e: file:///C:/Users/Administrator/Projects/A/backend/lucene/src/main/kotlin/com/storyteller_f/a/backen
d/lucene/LuceneTopicSearchService.kt:191:21 Unresolved reference 'addMatchQuery'.

FAILURE: Build completed with 2 failures.

1: Task failed with an exception.
-----------
* What went wrong:
Execution failed for task ':backend:lucene:compileKotlin'.
> A failure occurred while executing org.jetbrains.kotlin.compilerRunner.GradleCompilerRunnerWithWorke
rs$GradleKotlinCompilerWorkAction
   > Compilation error. See log for more details

* Try:
> Run with --stacktrace option to get the stack trace.
> Run with --info or --debug option to get more log output.
> Run with --scan to get full insights.
> Get more help at https://help.gradle.org.
==============================================================================

2: Task failed with an exception.
-----------
* What went wrong:
Execution failed for task ':backend:elastic:compileKotlin'.
> A failure occurred while executing org.jetbrains.kotlin.compilerRunner.GradleCompilerRunnerWithWorke
rs$GradleKotlinCompilerWorkAction
   > Compilation error. See log for more details

* Try:
> Run with --stacktrace option to get the stack trace.
> Run with --info or --debug option to get more log output.
> Run with --scan to get full insights.
> Get more help at https://help.gradle.org.
==============================================================================

BUILD FAILED in 22s
34 actionable tasks: 4 executed, 30 up-to-date
Configuration cache entry reused.
